pmmson@Mihails-MacBook-Pro GB.Go.2 % GOOS=windows go build -o hw02 hw02/main.go
pmmson@Mihails-MacBook-Pro GB.Go.2 % file hw02/main.exe
hw02/main.exe: PE32+ executable (console) x86-64 (stripped to external PDB), for MS Windows
pmmson@Mihails-MacBook-Pro GB.Go.2 % ./hw02/main.exe 
zsh: exec format error: ./hw02/main.exe



pmmson@Mihails-MacBook-Pro GB.Go.2 % go doc numbers
package numbers // import "github.com/pmmson/GB.Go.2/hw02/numbers"

Package numbers contains a number of methods for working with any numbers


The SimpleN function returns a slice of prime positive numbers from 0 to n

SimpleN(n int) []int

func SimpleN(n int) []int



pmmson@Mihails-MacBook-Pro GB.Go.2 % godoc -http=localhost:6061                
using module mode; GOMOD=/Users/pmmson/go/src/GB.Go.2/go.mod
go: no module dependencies to download
// результат в numbers.html